C:\Users\Njabulo Majenje\Documents\GitHub\Code\DOTNET\BookingApp\BookingApp\fit-g\dist\out-tsc\e2e\src\app.po.js
C:\Users\Njabulo Majenje\Documents\GitHub\Code\DOTNET\BookingApp\BookingApp\fit-g\dist\out-tsc\e2e\src\app.po.js.map
C:\Users\Njabulo Majenje\Documents\GitHub\Code\DOTNET\BookingApp\BookingApp\fit-g\dist\out-tsc\e2e\src\app.e2e-spec.js
C:\Users\Njabulo Majenje\Documents\GitHub\Code\DOTNET\BookingApp\BookingApp\fit-g\dist\out-tsc\e2e\src\app.e2e-spec.js.map
C:\Users\Njabulo Majenje\Documents\GitHub\Code\DOTNET\BookingApp\BookingApp\fit-g\dist\out-tsc\src\app\models\reset-password.model.js
C:\Users\Njabulo Majenje\Documents\GitHub\Code\DOTNET\BookingApp\BookingApp\fit-g\dist\out-tsc\src\app\models\reset-password.model.js.map
C:\Users\Njabulo Majenje\Documents\GitHub\Code\DOTNET\BookingApp\BookingApp\fit-g\dist\out-tsc\src\app\models\registration.model.js
C:\Users\Njabulo Majenje\Documents\GitHub\Code\DOTNET\BookingApp\BookingApp\fit-g\dist\out-tsc\src\app\models\registration.model.js.map
C:\Users\Njabulo Majenje\Documents\GitHub\Code\DOTNET\BookingApp\BookingApp\fit-g\dist\out-tsc\src\app\models\user.model.js
C:\Users\Njabulo Majenje\Documents\GitHub\Code\DOTNET\BookingApp\BookingApp\fit-g\dist\out-tsc\src\app\models\user.model.js.map
C:\Users\Njabulo Majenje\Documents\GitHub\Code\DOTNET\BookingApp\BookingApp\fit-g\dist\out-tsc\src\app\models\login.model.js
C:\Users\Njabulo Majenje\Documents\GitHub\Code\DOTNET\BookingApp\BookingApp\fit-g\dist\out-tsc\src\app\models\login.model.js.map
C:\Users\Njabulo Majenje\Documents\GitHub\Code\DOTNET\BookingApp\BookingApp\fit-g\dist\out-tsc\src\environments\environment.js
C:\Users\Njabulo Majenje\Documents\GitHub\Code\DOTNET\BookingApp\BookingApp\fit-g\dist\out-tsc\src\environments\environment.js.map
C:\Users\Njabulo Majenje\Documents\GitHub\Code\DOTNET\BookingApp\BookingApp\fit-g\dist\out-tsc\src\app\services\users.service.js
C:\Users\Njabulo Majenje\Documents\GitHub\Code\DOTNET\BookingApp\BookingApp\fit-g\dist\out-tsc\src\app\services\users.service.js.map
C:\Users\Njabulo Majenje\Documents\GitHub\Code\DOTNET\BookingApp\BookingApp\fit-g\dist\out-tsc\src\app\login-modal\login-page.page.js
C:\Users\Njabulo Majenje\Documents\GitHub\Code\DOTNET\BookingApp\BookingApp\fit-g\dist\out-tsc\src\app\login-modal\login-page.page.js.map
C:\Users\Njabulo Majenje\Documents\GitHub\Code\DOTNET\BookingApp\BookingApp\fit-g\dist\out-tsc\src\app\landing-page\PasswordValidator.js
C:\Users\Njabulo Majenje\Documents\GitHub\Code\DOTNET\BookingApp\BookingApp\fit-g\dist\out-tsc\src\app\landing-page\PasswordValidator.js.map
C:\Users\Njabulo Majenje\Documents\GitHub\Code\DOTNET\BookingApp\BookingApp\fit-g\dist\out-tsc\src\app\landing-page\landing-page.page.js
C:\Users\Njabulo Majenje\Documents\GitHub\Code\DOTNET\BookingApp\BookingApp\fit-g\dist\out-tsc\src\app\landing-page\landing-page.page.js.map
C:\Users\Njabulo Majenje\Documents\GitHub\Code\DOTNET\BookingApp\BookingApp\fit-g\dist\out-tsc\src\app\custom-inputs\form-input\form-input\form-input.component.js
C:\Users\Njabulo Majenje\Documents\GitHub\Code\DOTNET\BookingApp\BookingApp\fit-g\dist\out-tsc\src\app\custom-inputs\form-input\form-input\form-input.component.js.map
C:\Users\Njabulo Majenje\Documents\GitHub\Code\DOTNET\BookingApp\BookingApp\fit-g\dist\out-tsc\src\app\tabs\auth.guard.js
C:\Users\Njabulo Majenje\Documents\GitHub\Code\DOTNET\BookingApp\BookingApp\fit-g\dist\out-tsc\src\app\tabs\auth.guard.js.map
C:\Users\Njabulo Majenje\Documents\GitHub\Code\DOTNET\BookingApp\BookingApp\fit-g\dist\out-tsc\src\app\landing-page\landing-page-routing.module.js
C:\Users\Njabulo Majenje\Documents\GitHub\Code\DOTNET\BookingApp\BookingApp\fit-g\dist\out-tsc\src\app\landing-page\landing-page-routing.module.js.map
C:\Users\Njabulo Majenje\Documents\GitHub\Code\DOTNET\BookingApp\BookingApp\fit-g\dist\out-tsc\src\app\landing-page\landing-page.module.js
C:\Users\Njabulo Majenje\Documents\GitHub\Code\DOTNET\BookingApp\BookingApp\fit-g\dist\out-tsc\src\app\landing-page\landing-page.module.js.map
C:\Users\Njabulo Majenje\Documents\GitHub\Code\DOTNET\BookingApp\BookingApp\fit-g\dist\out-tsc\src\app\modals\loading-modal\loading-modal\loading-modal.page.js
C:\Users\Njabulo Majenje\Documents\GitHub\Code\DOTNET\BookingApp\BookingApp\fit-g\dist\out-tsc\src\app\modals\loading-modal\loading-modal\loading-modal.page.js.map
C:\Users\Njabulo Majenje\Documents\GitHub\Code\DOTNET\BookingApp\BookingApp\fit-g\dist\out-tsc\src\app\models\sport.model.js
C:\Users\Njabulo Majenje\Documents\GitHub\Code\DOTNET\BookingApp\BookingApp\fit-g\dist\out-tsc\src\app\models\sport.model.js.map
C:\Users\Njabulo Majenje\Documents\GitHub\Code\DOTNET\BookingApp\BookingApp\fit-g\dist\out-tsc\src\app\services\live-feed.service.js
C:\Users\Njabulo Majenje\Documents\GitHub\Code\DOTNET\BookingApp\BookingApp\fit-g\dist\out-tsc\src\app\services\live-feed.service.js.map
C:\Users\Njabulo Majenje\Documents\GitHub\Code\DOTNET\BookingApp\BookingApp\fit-g\dist\out-tsc\src\app\models\country.model.js
C:\Users\Njabulo Majenje\Documents\GitHub\Code\DOTNET\BookingApp\BookingApp\fit-g\dist\out-tsc\src\app\models\country.model.js.map
C:\Users\Njabulo Majenje\Documents\GitHub\Code\DOTNET\BookingApp\BookingApp\fit-g\dist\out-tsc\src\app\models\fixture.model.js
C:\Users\Njabulo Majenje\Documents\GitHub\Code\DOTNET\BookingApp\BookingApp\fit-g\dist\out-tsc\src\app\models\fixture.model.js.map
C:\Users\Njabulo Majenje\Documents\GitHub\Code\DOTNET\BookingApp\BookingApp\fit-g\dist\out-tsc\src\app\tab1\tab1.page.js
C:\Users\Njabulo Majenje\Documents\GitHub\Code\DOTNET\BookingApp\BookingApp\fit-g\dist\out-tsc\src\app\tab1\tab1.page.js.map
C:\Users\Njabulo Majenje\Documents\GitHub\Code\DOTNET\BookingApp\BookingApp\fit-g\dist\out-tsc\src\app\tabs\tabs.page.js
C:\Users\Njabulo Majenje\Documents\GitHub\Code\DOTNET\BookingApp\BookingApp\fit-g\dist\out-tsc\src\app\tabs\tabs.page.js.map
C:\Users\Njabulo Majenje\Documents\GitHub\Code\DOTNET\BookingApp\BookingApp\fit-g\dist\out-tsc\src\app\modals\loading-modal\loading-modal\loading-modal-routing.module.js
C:\Users\Njabulo Majenje\Documents\GitHub\Code\DOTNET\BookingApp\BookingApp\fit-g\dist\out-tsc\src\app\modals\loading-modal\loading-modal\loading-modal-routing.module.js.map
C:\Users\Njabulo Majenje\Documents\GitHub\Code\DOTNET\BookingApp\BookingApp\fit-g\dist\out-tsc\src\app\modals\loading-modal\loading-modal\loading-modal.module.js
C:\Users\Njabulo Majenje\Documents\GitHub\Code\DOTNET\BookingApp\BookingApp\fit-g\dist\out-tsc\src\app\modals\loading-modal\loading-modal\loading-modal.module.js.map
C:\Users\Njabulo Majenje\Documents\GitHub\Code\DOTNET\BookingApp\BookingApp\fit-g\dist\out-tsc\src\app\explore-container\explore-container.component.js
C:\Users\Njabulo Majenje\Documents\GitHub\Code\DOTNET\BookingApp\BookingApp\fit-g\dist\out-tsc\src\app\explore-container\explore-container.component.js.map
C:\Users\Njabulo Majenje\Documents\GitHub\Code\DOTNET\BookingApp\BookingApp\fit-g\dist\out-tsc\src\app\explore-container\explore-container.module.js
C:\Users\Njabulo Majenje\Documents\GitHub\Code\DOTNET\BookingApp\BookingApp\fit-g\dist\out-tsc\src\app\explore-container\explore-container.module.js.map
C:\Users\Njabulo Majenje\Documents\GitHub\Code\DOTNET\BookingApp\BookingApp\fit-g\dist\out-tsc\src\app\tab1\tab1-routing.module.js
C:\Users\Njabulo Majenje\Documents\GitHub\Code\DOTNET\BookingApp\BookingApp\fit-g\dist\out-tsc\src\app\tab1\tab1-routing.module.js.map
C:\Users\Njabulo Majenje\Documents\GitHub\Code\DOTNET\BookingApp\BookingApp\fit-g\dist\out-tsc\src\app\tab1\tab1.module.js
C:\Users\Njabulo Majenje\Documents\GitHub\Code\DOTNET\BookingApp\BookingApp\fit-g\dist\out-tsc\src\app\tab1\tab1.module.js.map
C:\Users\Njabulo Majenje\Documents\GitHub\Code\DOTNET\BookingApp\BookingApp\fit-g\dist\out-tsc\src\app\tab2\tab2.page.js
C:\Users\Njabulo Majenje\Documents\GitHub\Code\DOTNET\BookingApp\BookingApp\fit-g\dist\out-tsc\src\app\tab2\tab2.page.js.map
C:\Users\Njabulo Majenje\Documents\GitHub\Code\DOTNET\BookingApp\BookingApp\fit-g\dist\out-tsc\src\app\tab2\tab2-routing.module.js
C:\Users\Njabulo Majenje\Documents\GitHub\Code\DOTNET\BookingApp\BookingApp\fit-g\dist\out-tsc\src\app\tab2\tab2-routing.module.js.map
C:\Users\Njabulo Majenje\Documents\GitHub\Code\DOTNET\BookingApp\BookingApp\fit-g\dist\out-tsc\src\app\tab2\tab2.module.js
C:\Users\Njabulo Majenje\Documents\GitHub\Code\DOTNET\BookingApp\BookingApp\fit-g\dist\out-tsc\src\app\tab2\tab2.module.js.map
C:\Users\Njabulo Majenje\Documents\GitHub\Code\DOTNET\BookingApp\BookingApp\fit-g\dist\out-tsc\src\app\tab3\tab3.page.js
C:\Users\Njabulo Majenje\Documents\GitHub\Code\DOTNET\BookingApp\BookingApp\fit-g\dist\out-tsc\src\app\tab3\tab3.page.js.map
C:\Users\Njabulo Majenje\Documents\GitHub\Code\DOTNET\BookingApp\BookingApp\fit-g\dist\out-tsc\src\app\tab3\tab3-routing.module.js
C:\Users\Njabulo Majenje\Documents\GitHub\Code\DOTNET\BookingApp\BookingApp\fit-g\dist\out-tsc\src\app\tab3\tab3-routing.module.js.map
C:\Users\Njabulo Majenje\Documents\GitHub\Code\DOTNET\BookingApp\BookingApp\fit-g\dist\out-tsc\src\app\tab3\tab3.module.js
C:\Users\Njabulo Majenje\Documents\GitHub\Code\DOTNET\BookingApp\BookingApp\fit-g\dist\out-tsc\src\app\tab3\tab3.module.js.map
C:\Users\Njabulo Majenje\Documents\GitHub\Code\DOTNET\BookingApp\BookingApp\fit-g\dist\out-tsc\src\app\tabs\tabs-routing.module.js
C:\Users\Njabulo Majenje\Documents\GitHub\Code\DOTNET\BookingApp\BookingApp\fit-g\dist\out-tsc\src\app\tabs\tabs-routing.module.js.map
C:\Users\Njabulo Majenje\Documents\GitHub\Code\DOTNET\BookingApp\BookingApp\fit-g\dist\out-tsc\src\app\tabs\tabs.module.js
C:\Users\Njabulo Majenje\Documents\GitHub\Code\DOTNET\BookingApp\BookingApp\fit-g\dist\out-tsc\src\app\tabs\tabs.module.js.map
C:\Users\Njabulo Majenje\Documents\GitHub\Code\DOTNET\BookingApp\BookingApp\fit-g\dist\out-tsc\src\app\login-modal\login-page-routing.module.js
C:\Users\Njabulo Majenje\Documents\GitHub\Code\DOTNET\BookingApp\BookingApp\fit-g\dist\out-tsc\src\app\login-modal\login-page-routing.module.js.map
C:\Users\Njabulo Majenje\Documents\GitHub\Code\DOTNET\BookingApp\BookingApp\fit-g\dist\out-tsc\src\app\login-modal\login-page.module.js
C:\Users\Njabulo Majenje\Documents\GitHub\Code\DOTNET\BookingApp\BookingApp\fit-g\dist\out-tsc\src\app\login-modal\login-page.module.js.map
C:\Users\Njabulo Majenje\Documents\GitHub\Code\DOTNET\BookingApp\BookingApp\fit-g\dist\out-tsc\src\app\app-routing.module.js
C:\Users\Njabulo Majenje\Documents\GitHub\Code\DOTNET\BookingApp\BookingApp\fit-g\dist\out-tsc\src\app\app-routing.module.js.map
C:\Users\Njabulo Majenje\Documents\GitHub\Code\DOTNET\BookingApp\BookingApp\fit-g\dist\out-tsc\src\app\app.component.js
C:\Users\Njabulo Majenje\Documents\GitHub\Code\DOTNET\BookingApp\BookingApp\fit-g\dist\out-tsc\src\app\app.component.js.map
C:\Users\Njabulo Majenje\Documents\GitHub\Code\DOTNET\BookingApp\BookingApp\fit-g\dist\out-tsc\src\app\app.module.js
C:\Users\Njabulo Majenje\Documents\GitHub\Code\DOTNET\BookingApp\BookingApp\fit-g\dist\out-tsc\src\app\app.module.js.map
C:\Users\Njabulo Majenje\Documents\GitHub\Code\DOTNET\BookingApp\BookingApp\fit-g\dist\out-tsc\src\main.js
C:\Users\Njabulo Majenje\Documents\GitHub\Code\DOTNET\BookingApp\BookingApp\fit-g\dist\out-tsc\src\main.js.map
C:\Users\Njabulo Majenje\Documents\GitHub\Code\DOTNET\BookingApp\BookingApp\fit-g\dist\out-tsc\src\zone-flags.js
C:\Users\Njabulo Majenje\Documents\GitHub\Code\DOTNET\BookingApp\BookingApp\fit-g\dist\out-tsc\src\zone-flags.js.map
C:\Users\Njabulo Majenje\Documents\GitHub\Code\DOTNET\BookingApp\BookingApp\fit-g\dist\out-tsc\src\polyfills.js
C:\Users\Njabulo Majenje\Documents\GitHub\Code\DOTNET\BookingApp\BookingApp\fit-g\dist\out-tsc\src\polyfills.js.map
C:\Users\Njabulo Majenje\Documents\GitHub\Code\DOTNET\BookingApp\BookingApp\fit-g\dist\out-tsc\src\test.js
C:\Users\Njabulo Majenje\Documents\GitHub\Code\DOTNET\BookingApp\BookingApp\fit-g\dist\out-tsc\src\test.js.map
C:\Users\Njabulo Majenje\Documents\GitHub\Code\DOTNET\BookingApp\BookingApp\fit-g\dist\out-tsc\src\app\app.component.spec.js
C:\Users\Njabulo Majenje\Documents\GitHub\Code\DOTNET\BookingApp\BookingApp\fit-g\dist\out-tsc\src\app\app.component.spec.js.map
C:\Users\Njabulo Majenje\Documents\GitHub\Code\DOTNET\BookingApp\BookingApp\fit-g\dist\out-tsc\src\app\landing-page.pipe.js
C:\Users\Njabulo Majenje\Documents\GitHub\Code\DOTNET\BookingApp\BookingApp\fit-g\dist\out-tsc\src\app\landing-page.pipe.js.map
C:\Users\Njabulo Majenje\Documents\GitHub\Code\DOTNET\BookingApp\BookingApp\fit-g\dist\out-tsc\src\app\landing-page.pipe.spec.js
C:\Users\Njabulo Majenje\Documents\GitHub\Code\DOTNET\BookingApp\BookingApp\fit-g\dist\out-tsc\src\app\landing-page.pipe.spec.js.map
C:\Users\Njabulo Majenje\Documents\GitHub\Code\DOTNET\BookingApp\BookingApp\fit-g\dist\out-tsc\src\app\custom-inputs\form-input\form-input\form-input.component.spec.js
C:\Users\Njabulo Majenje\Documents\GitHub\Code\DOTNET\BookingApp\BookingApp\fit-g\dist\out-tsc\src\app\custom-inputs\form-input\form-input\form-input.component.spec.js.map
C:\Users\Njabulo Majenje\Documents\GitHub\Code\DOTNET\BookingApp\BookingApp\fit-g\dist\out-tsc\src\app\explore-container\explore-container.component.spec.js
C:\Users\Njabulo Majenje\Documents\GitHub\Code\DOTNET\BookingApp\BookingApp\fit-g\dist\out-tsc\src\app\explore-container\explore-container.component.spec.js.map
C:\Users\Njabulo Majenje\Documents\GitHub\Code\DOTNET\BookingApp\BookingApp\fit-g\dist\out-tsc\src\app\interceptors\jwt.interceptor.js
C:\Users\Njabulo Majenje\Documents\GitHub\Code\DOTNET\BookingApp\BookingApp\fit-g\dist\out-tsc\src\app\interceptors\jwt.interceptor.js.map
C:\Users\Njabulo Majenje\Documents\GitHub\Code\DOTNET\BookingApp\BookingApp\fit-g\dist\out-tsc\src\app\landing-page\landing-page.page.spec.js
C:\Users\Njabulo Majenje\Documents\GitHub\Code\DOTNET\BookingApp\BookingApp\fit-g\dist\out-tsc\src\app\landing-page\landing-page.page.spec.js.map
C:\Users\Njabulo Majenje\Documents\GitHub\Code\DOTNET\BookingApp\BookingApp\fit-g\dist\out-tsc\src\app\login-modal\login-page.page.spec.js
C:\Users\Njabulo Majenje\Documents\GitHub\Code\DOTNET\BookingApp\BookingApp\fit-g\dist\out-tsc\src\app\login-modal\login-page.page.spec.js.map
C:\Users\Njabulo Majenje\Documents\GitHub\Code\DOTNET\BookingApp\BookingApp\fit-g\dist\out-tsc\src\app\modals\loading-modal\loading-modal\loading-modal.component.js
C:\Users\Njabulo Majenje\Documents\GitHub\Code\DOTNET\BookingApp\BookingApp\fit-g\dist\out-tsc\src\app\modals\loading-modal\loading-modal\loading-modal.component.js.map
C:\Users\Njabulo Majenje\Documents\GitHub\Code\DOTNET\BookingApp\BookingApp\fit-g\dist\out-tsc\src\app\modals\loading-modal\loading-modal\loading-modal.component.spec.js
C:\Users\Njabulo Majenje\Documents\GitHub\Code\DOTNET\BookingApp\BookingApp\fit-g\dist\out-tsc\src\app\modals\loading-modal\loading-modal\loading-modal.component.spec.js.map
C:\Users\Njabulo Majenje\Documents\GitHub\Code\DOTNET\BookingApp\BookingApp\fit-g\dist\out-tsc\src\app\modals\loading-modal\loading-modal\loading-modal.page.spec.js
C:\Users\Njabulo Majenje\Documents\GitHub\Code\DOTNET\BookingApp\BookingApp\fit-g\dist\out-tsc\src\app\modals\loading-modal\loading-modal\loading-modal.page.spec.js.map
C:\Users\Njabulo Majenje\Documents\GitHub\Code\DOTNET\BookingApp\BookingApp\fit-g\dist\out-tsc\src\app\tab1\tab1.page.spec.js
C:\Users\Njabulo Majenje\Documents\GitHub\Code\DOTNET\BookingApp\BookingApp\fit-g\dist\out-tsc\src\app\tab1\tab1.page.spec.js.map
C:\Users\Njabulo Majenje\Documents\GitHub\Code\DOTNET\BookingApp\BookingApp\fit-g\dist\out-tsc\src\app\tab2\tab2.page.spec.js
C:\Users\Njabulo Majenje\Documents\GitHub\Code\DOTNET\BookingApp\BookingApp\fit-g\dist\out-tsc\src\app\tab2\tab2.page.spec.js.map
C:\Users\Njabulo Majenje\Documents\GitHub\Code\DOTNET\BookingApp\BookingApp\fit-g\dist\out-tsc\src\app\tab3\tab3.page.spec.js
C:\Users\Njabulo Majenje\Documents\GitHub\Code\DOTNET\BookingApp\BookingApp\fit-g\dist\out-tsc\src\app\tab3\tab3.page.spec.js.map
C:\Users\Njabulo Majenje\Documents\GitHub\Code\DOTNET\BookingApp\BookingApp\fit-g\dist\out-tsc\src\app\tabs\auth-guard.guard.spec.js
C:\Users\Njabulo Majenje\Documents\GitHub\Code\DOTNET\BookingApp\BookingApp\fit-g\dist\out-tsc\src\app\tabs\auth-guard.guard.spec.js.map
C:\Users\Njabulo Majenje\Documents\GitHub\Code\DOTNET\BookingApp\BookingApp\fit-g\dist\out-tsc\src\app\tabs\tabs.page.spec.js
C:\Users\Njabulo Majenje\Documents\GitHub\Code\DOTNET\BookingApp\BookingApp\fit-g\dist\out-tsc\src\app\tabs\tabs.page.spec.js.map
C:\Users\Njabulo Majenje\Documents\GitHub\Code\DOTNET\BookingApp\BookingApp\fit-g\dist\out-tsc\src\environments\environment.prod.js
C:\Users\Njabulo Majenje\Documents\GitHub\Code\DOTNET\BookingApp\BookingApp\fit-g\dist\out-tsc\src\environments\environment.prod.js.map
